[www.antbot-ai.org/index.html]
[static.parastorage.com/client/pfavico.ico]
[static.parastorage.com/unpkg/core-js-bundle@3.2.1/minified.js]
[static.parastorage.com/unpkg/focus-within-polyfill@5.0.9/dist/focus-within-polyfill.js]
[polyfill.io/v3/polyfill.mind82c.js]
[www.antbot-ai.org/decodeURIComponent(e.5.delayed]
[backblue.gif]
[fade.gif]
[index.html]
[static.parastorage.com/services/wix-thunderbolt/dist/index.html]
[www.antbot-ai.org/sitemap.xml]
[www.antbot-ai.org/feed.7.delayed]
[static.parastorage.com/services/wix-thunderbolt/dist/thunderbolt-commons.6797ba1d.bundle.min.js]
[static.parastorage.com/services/wix-thunderbolt/dist/main.7967a866.bundle.min.js]
[static.parastorage.com/services/wix-thunderbolt/dist/main.renderer.83873c29.bundle.min.js]
[static.parastorage.com/services/wix-thunderbolt/dist/main.scoped.renderer.e57580be.bundle.min.js]
[static.parastorage.com/unpkg/lodash@4.17.21/lodash.min.js]
[static.parastorage.com/unpkg/react@16.14.0/umd/react.production.min.js]
[static.parastorage.com/services/tag-manager-client/1.705.0/siteTags.bundle.min.js]
[static.parastorage.com/services/wix-perf-measure/1.1058.0/wix-perf-measure.umd.min.js]
[static.parastorage.com/tag-bundler/api/v1/fonts-cache/googlefont/woff2/s/roboto/v18/97uahxiqZRoncBaCEI3aW1tXRa8TVwTICgirnJhmVJw.woff2]
[static.parastorage.com/tag-bundler/api/v1/fonts-cache/googlefont/woff/s/roboto/v18/97uahxiqZRoncBaCEI3aWz8E0i7KZn-EPnyo3HZu7kw.woff]
[static.parastorage.com/tag-bundler/api/v1/fonts-cache/googlefont/woff2/s/roboto/v18/9_7S_tWeGDh5Pq3u05RVkltXRa8TVwTICgirnJhmVJw.woff2]
[static.parastorage.com/tag-bundler/api/v1/fonts-cache/googlefont/woff/s/roboto/v18/9_7S_tWeGDh5Pq3u05RVkj8E0i7KZn-EPnyo3HZu7kw.woff]
[static.parastorage.com/tag-bundler/api/v1/fonts-cache/googlefont/woff2/s/roboto/v18/t6Nd4cfPRhZP44Q5QAjcC6g5eI2G47JWe0-AuFtD150.woff2]
[static.parastorage.com/unpkg/react-dom@16.14.0/umd/react-dom.production.min.js]
[static.parastorage.com/tag-bundler/api/v1/fonts-cache/googlefont/woff/s/roboto/v18/t6Nd4cfPRhZP44Q5QAjcC9Ih4imgI8P11RFo6YPCPC0.woff]
[static.parastorage.com/tag-bundler/api/v1/fonts-cache/googlefont/woff2/s/roboto/v18/bmC0pGMXrhphrZJmniIZpag5eI2G47JWe0-AuFtD150.woff2]
[static.parastorage.com/tag-bundler/api/v1/fonts-cache/googlefont/woff/s/roboto/v18/bmC0pGMXrhphrZJmniIZpdIh4imgI8P11RFo6YPCPC0.woff]
[static.parastorage.com/tag-bundler/api/v1/fonts-cache/googlefont/woff2/s/roboto/v20/KFOkCnqEu92Fr1Mu51xFIzIXKMnyrYk.woff2]
[static.parastorage.com/tag-bundler/api/v1/fonts-cache/googlefont/woff2/s/roboto/v20/KFOkCnqEu92Fr1Mu51xMIzIXKMnyrYk.woff2]
[static.parastorage.com/tag-bundler/api/v1/fonts-cache/googlefont/woff2/s/roboto/v20/KFOkCnqEu92Fr1Mu51xEIzIXKMnyrYk.woff2]
[static.parastorage.com/tag-bundler/api/v1/fonts-cache/googlefont/woff2/s/roboto/v20/KFOkCnqEu92Fr1Mu51xLIzIXKMnyrYk.woff2]
[static.parastorage.com/tag-bundler/api/v1/fonts-cache/googlefont/woff2/s/roboto/v20/KFOkCnqEu92Fr1Mu51xHIzIXKMnyrYk.woff2]
[static.parastorage.com/tag-bundler/api/v1/fonts-cache/googlefont/woff2/s/roboto/v20/KFOkCnqEu92Fr1Mu51xGIzIXKMnyrYk.woff2]
[static.parastorage.com/tag-bundler/api/v1/fonts-cache/googlefont/woff2/s/roboto/v20/KFOkCnqEu92Fr1Mu51xIIzIXKMny.woff2]
[static.parastorage.com/tag-bundler/api/v1/fonts-cache/googlefont/woff2/s/roboto/v20/KFOjCnqEu92Fr1Mu51TzBic3CsTYl4BOQ3o.woff2]
[static.parastorage.com/tag-bundler/api/v1/fonts-cache/googlefont/woff2/s/roboto/v20/KFOjCnqEu92Fr1Mu51TzBic-CsTYl4BOQ3o.woff2]
[static.parastorage.com/tag-bundler/api/v1/fonts-cache/googlefont/woff2/s/roboto/v20/KFOjCnqEu92Fr1Mu51TzBic2CsTYl4BOQ3o.woff2]
[static.parastorage.com/tag-bundler/api/v1/fonts-cache/googlefont/woff2/s/roboto/v20/KFOjCnqEu92Fr1Mu51TzBic5CsTYl4BOQ3o.woff2]
[static.parastorage.com/tag-bundler/api/v1/fonts-cache/googlefont/woff2/s/roboto/v20/KFOjCnqEu92Fr1Mu51TzBic1CsTYl4BOQ3o.woff2]
[static.parastorage.com/tag-bundler/api/v1/fonts-cache/googlefont/woff2/s/roboto/v20/KFOjCnqEu92Fr1Mu51TzBic0CsTYl4BOQ3o.woff2]
[static.parastorage.com/tag-bundler/api/v1/fonts-cache/googlefont/woff2/s/roboto/v20/KFOjCnqEu92Fr1Mu51TzBic6CsTYl4BO.woff2]
[static.parastorage.com/tag-bundler/api/v1/fonts-cache/googlefont/woff2/s/roboto/v20/KFOmCnqEu92Fr1Mu72xKKTU1Kvnz.woff2]
[static.parastorage.com/tag-bundler/api/v1/fonts-cache/googlefont/woff2/s/roboto/v20/KFOmCnqEu92Fr1Mu5mxKKTU1Kvnz.woff2]
[static.parastorage.com/tag-bundler/api/v1/fonts-cache/googlefont/woff2/s/roboto/v20/KFOmCnqEu92Fr1Mu7mxKKTU1Kvnz.woff2]
[static.parastorage.com/tag-bundler/api/v1/fonts-cache/googlefont/woff2/s/roboto/v20/KFOmCnqEu92Fr1Mu4WxKKTU1Kvnz.woff2]
[static.parastorage.com/tag-bundler/api/v1/fonts-cache/googlefont/woff2/s/roboto/v20/KFOmCnqEu92Fr1Mu7WxKKTU1Kvnz.woff2]
[static.parastorage.com/tag-bundler/api/v1/fonts-cache/googlefont/woff2/s/roboto/v20/KFOmCnqEu92Fr1Mu7GxKKTU1Kvnz.woff2]
[static.parastorage.com/tag-bundler/api/v1/fonts-cache/googlefont/woff2/s/roboto/v20/KFOmCnqEu92Fr1Mu4mxKKTU1Kg.woff2]
[static.parastorage.com/tag-bundler/api/v1/fonts-cache/googlefont/woff2/s/roboto/v20/KFOlCnqEu92Fr1MmWUlfCRc4AMP6lbBP.woff2]
[static.parastorage.com/tag-bundler/api/v1/fonts-cache/googlefont/woff2/s/roboto/v20/KFOlCnqEu92Fr1MmWUlfABc4AMP6lbBP.woff2]
[static.parastorage.com/tag-bundler/api/v1/fonts-cache/googlefont/woff2/s/roboto/v20/KFOlCnqEu92Fr1MmWUlfCBc4AMP6lbBP.woff2]
[static.parastorage.com/tag-bundler/api/v1/fonts-cache/googlefont/woff2/s/roboto/v20/KFOlCnqEu92Fr1MmWUlfBxc4AMP6lbBP.woff2]
[static.parastorage.com/tag-bundler/api/v1/fonts-cache/googlefont/woff2/s/roboto/v20/KFOlCnqEu92Fr1MmWUlfCxc4AMP6lbBP.woff2]
[static.parastorage.com/tag-bundler/api/v1/fonts-cache/googlefont/woff2/s/roboto/v20/KFOlCnqEu92Fr1MmWUlfChc4AMP6lbBP.woff2]
[static.parastorage.com/tag-bundler/api/v1/fonts-cache/googlefont/woff2/s/roboto/v20/KFOlCnqEu92Fr1MmWUlfBBc4AMP6lQ.woff2]
[static.parastorage.com/services/third-party/fonts/user-site-fonts/fonts/ea95b44a-eab7-4bd1-861c-e73535e7f652d41d.eot]
[static.parastorage.com/services/third-party/fonts/user-site-fonts/fonts/669f79ed-002c-4ff6-965c-9da453968504.ttf]
[static.parastorage.com/services/third-party/fonts/user-site-fonts/fonts/e4bd4516-4480-43df-aa6e-4e9b9029f53ed41d.eot]
[static.parastorage.com/services/third-party/fonts/user-site-fonts/fonts/4021a3b9-f782-438b-aeb4-c008109a8b64.woff]
[static.parastorage.com/services/third-party/fonts/user-site-fonts/fonts/7da02f05-ae8b-43a1-aeb9-83b3c0527c06.ttf]
